// Jest Snapshot v1, https://goo.gl/fbAQLP

exports[`IcoList renders IcoList 1`] = `null`;
