// Jest Snapshot v1, https://goo.gl/fbAQLP

exports[`Transactions renders Transactions 1`] = `
.c2 {
  font-size: 24px;
  line-height: 33px;
  font-family: Rubik-Regular;
  margin-bottom: 12px;
  margin-top: 48px !important;
}

.c12 {
  width: 100%;
  margin: 26px auto 28px auto;
  outline: 0;
  border: 0;
  border-top: 1px solid #3332;
  max-width: 1006px;
}

.c8 {
  font-size: 16px;
  line-height: 26px;
  font-family: GTCinetype-Regular;
  margin-bottom: 12px;
  margin-bottom: 0 !important;
  margin-right: 12px !important;
}

.c1 {
  padding: 0 12px;
  margin-left: auto;
  margin-right: auto;
  height: 100%;
  width: 100%;
  max-width: 1030px;
  display: -webkit-box;
  display: -webkit-flex;
  display: -ms-flexbox;
  display: flex;
  -webkit-flex-direction: column;
  -ms-flex-direction: column;
  flex-direction: column;
}

.c3 {
  display: grid;
  grid-gap: 15px 15px;
  grid-template-columns: repeat( 4,1fr );
  grid-gap: 6px 6px;
  margin-top: 24px !important;
  margin-bottom: 24px !important;
}

.c13 {
  display: grid;
  grid-gap: 15px 15px;
  grid-template-columns: repeat( 1,1fr );
}

.c4 {
  cursor: pointer;
  border: 1px solid #ebf0ff;
  outline: 0;
  background: #fff;
  color: #2B60FF;
  padding: 0.75rem 3rem;
  border-radius: 4px;
  font-size: 13px;
  -webkit-letter-spacing: 1.18px;
  -moz-letter-spacing: 1.18px;
  -ms-letter-spacing: 1.18px;
  letter-spacing: 1.18px;
  line-height: 16px;
  text-transform: uppercase;
  margin: 0;
  font-family: GTCinetype-Bold;
  box-shadow: 0 14px 17px rgba(0,4,18,.16);
  -webkit-transition: all 0.15s ease-out;
  transition: all 0.15s ease-out;
  box-shadow: none !important;
  color: #fff;
  background: #2B60FF;
  border: 1px solid #2B60FF;
  padding-left: 0 !important;
  padding-right: 0 !important;
}

.c4:hover {
  color: #fff;
  background: #003ef7;
  border-color: #003ef7;
}

.c5 {
  cursor: pointer;
  border: 1px solid #ebf0ff;
  outline: 0;
  background: #fff;
  color: #2B60FF;
  padding: 0.75rem 3rem;
  border-radius: 4px;
  font-size: 13px;
  -webkit-letter-spacing: 1.18px;
  -moz-letter-spacing: 1.18px;
  -ms-letter-spacing: 1.18px;
  letter-spacing: 1.18px;
  line-height: 16px;
  text-transform: uppercase;
  margin: 0;
  font-family: GTCinetype-Bold;
  box-shadow: 0 14px 17px rgba(0,4,18,.16);
  -webkit-transition: all 0.15s ease-out;
  transition: all 0.15s ease-out;
  box-shadow: none !important;
  padding-left: 0 !important;
  padding-right: 0 !important;
}

.c5:hover {
  color: #fff;
  background: #003ef7;
  border-color: #003ef7;
}

.c10 {
  cursor: pointer;
  border: 1px solid #ebf0ff;
  outline: 0;
  background: #fff;
  color: #2B60FF;
  padding: 0.75rem 3rem;
  border-radius: 4px;
  font-size: 13px;
  -webkit-letter-spacing: 1.18px;
  -moz-letter-spacing: 1.18px;
  -ms-letter-spacing: 1.18px;
  letter-spacing: 1.18px;
  line-height: 16px;
  text-transform: uppercase;
  margin: 0;
  font-family: GTCinetype-Bold;
  box-shadow: 0 14px 17px rgba(0,4,18,.16);
  -webkit-transition: all 0.15s ease-out;
  transition: all 0.15s ease-out;
  box-shadow: none !important;
  margin-left: 12px !important;
  margin-right: 12px !important;
  padding-left: 12px !important;
  padding-right: 12px !important;
}

.c10:hover {
  color: #fff;
  background: #003ef7;
  border-color: #003ef7;
}

.c11 {
  cursor: pointer;
  border: 1px solid #ebf0ff;
  outline: 0;
  background: #fff;
  color: #2B60FF;
  padding: 0.75rem 3rem;
  border-radius: 4px;
  font-size: 13px;
  -webkit-letter-spacing: 1.18px;
  -moz-letter-spacing: 1.18px;
  -ms-letter-spacing: 1.18px;
  letter-spacing: 1.18px;
  line-height: 16px;
  text-transform: uppercase;
  margin: 0;
  font-family: GTCinetype-Bold;
  box-shadow: 0 14px 17px rgba(0,4,18,.16);
  -webkit-transition: all 0.15s ease-out;
  transition: all 0.15s ease-out;
  box-shadow: none !important;
  padding-left: 12px !important;
  padding-right: 12px !important;
}

.c11:hover {
  color: #fff;
  background: #003ef7;
  border-color: #003ef7;
}

.c6 {
  display: -webkit-box;
  display: -webkit-flex;
  display: -ms-flexbox;
  display: flex;
  -webkit-flex-direction: row;
  -ms-flex-direction: row;
  flex-direction: row;
  -webkit-flex-wrap: wrap;
  -ms-flex-wrap: wrap;
  flex-wrap: wrap;
  -webkit-box-pack: justify;
  -webkit-justify-content: space-between;
  -ms-flex-pack: justify;
  justify-content: space-between;
  -webkit-align-items: center;
  -webkit-box-align: center;
  -ms-flex-align: center;
  align-items: center;
  margin-top: 24px !important;
}

.c7 {
  display: -webkit-box;
  display: -webkit-flex;
  display: -ms-flexbox;
  display: flex;
  -webkit-flex-direction: row;
  -ms-flex-direction: row;
  flex-direction: row;
  -webkit-flex-wrap: wrap;
  -ms-flex-wrap: wrap;
  flex-wrap: wrap;
  -webkit-align-items: center;
  -webkit-box-align: center;
  -ms-flex-align: center;
  align-items: center;
  padding-top: 24px !important;
  padding-bottom: 24px !important;
}

.c9 {
  display: -webkit-box;
  display: -webkit-flex;
  display: -ms-flexbox;
  display: flex;
  -webkit-flex-direction: row;
  -ms-flex-direction: row;
  flex-direction: row;
  -webkit-flex-wrap: wrap;
  -ms-flex-wrap: wrap;
  flex-wrap: wrap;
}

.c0 {
  margin-top: 84px;
}

@media (min-width:767px) {
  .c3 {
    grid-gap: 6px 6px;
    grid-template-columns: repeat( 7,1fr );
  }
}

@media (min-width:1024px) {
  .c3 {
    grid-template-columns: repeat( 8,1fr );
  }
}

@media (min-width:767px) {
  .c13 {
    grid-gap: 30px 30px;
    grid-template-columns: repeat( 3,1fr );
  }
}

@media (min-width:1024px) {
  .c13 {
    grid-template-columns: repeat( 3,1fr );
  }
}

<div
  className="c0"
>
  <div
    className="c1"
  >
    <h2
      className="c2"
    >
      Transactions by stage
    </h2>
    <div
      className="c3"
    >
      <button
        className="c4"
        onClick={[Function]}
        selected={true}
      >
        All
      </button>
      <button
        className="c5"
        onClick={[Function]}
        selected={false}
      >
        Pre Ico
      </button>
      <button
        className="c5"
        onClick={[Function]}
        selected={false}
      >
        Ico
      </button>
      <button
        className="c5"
        onClick={[Function]}
        selected={false}
      >
        Final Ico
      </button>
    </div>
    <div
      className="c6"
    >
      <div
        className="c7"
      >
        <p
          className="c8"
        >
          0
           Transactions
        </p>
        <p
          className="c8"
        >
          Page 
          2
           / 
          0
        </p>
      </div>
      <div
        className="c9"
      >
        <select
          className="per-page"
          onChange={[Function]}
          value={30}
        >
          <option
            value=""
          >
            Per page
          </option>
          <option
            value="9"
          >
            9
          </option>
          <option
            value="30"
          >
            30
          </option>
          <option
            value="60"
          >
            60
          </option>
          <option
            value="99"
          >
            99
          </option>
        </select>
        <button
          className="prev-page c10"
          onClick={[Function]}
        >
          Prev
        </button>
        <button
          className="next-page c11"
          onClick={[Function]}
        >
          Next
        </button>
      </div>
    </div>
    <hr
      className="c12"
    />
    <div
      className="transactions-list c13"
    />
  </div>
</div>
`;
