// Jest Snapshot v1, https://goo.gl/fbAQLP

exports[`CardIcon renders card icon 1`] = `
.c0 {
  max-width: 100%;
  height: 40px;
  width: 40px;
  background: #3866FF15;
  border-radius: 20px;
  overflow: hidden;
  display: -webkit-box;
  display: -webkit-flex;
  display: -ms-flexbox;
  display: flex;
  -webkit-box-pack: center;
  -webkit-justify-content: center;
  -ms-flex-pack: center;
  justify-content: center;
  -webkit-align-items: center;
  -webkit-box-align: center;
  -ms-flex-align: center;
  align-items: center;
  font-size: 12px;
  color: #fff;
}

<div
  className="c0"
>
  Icon
</div>
`;
