// Jest Snapshot v1, https://goo.gl/fbAQLP

exports[`Header renders default header 1`] = `
.c0 {
  position: fixed;
  top: 0;
  left: 0;
  width: 100%;
  height: 60px;
  display: -webkit-box;
  display: -webkit-flex;
  display: -ms-flexbox;
  display: flex;
  -webkit-align-items: center;
  -webkit-box-align: center;
  -ms-flex-align: center;
  align-items: center;
  padding: 0 12px;
  background: #fff;
  box-shadow: 0px 2px 3px 0px rgba(0,14,70,.1);
  z-index: 8000;
}

@media (min-width:767px) {
  .c0 {
    height: 84px;
  }

  .c0 .logo {
    width: 160px;
    height: 48px;
  }
}

<div
  className="c0"
>
  Content
</div>
`;
