// Jest Snapshot v1, https://goo.gl/fbAQLP

exports[`Hr renders default header 1`] = `
.c0 {
  width: 100%;
  margin: 26px auto 28px auto;
  outline: 0;
  border: 0;
  border-top: 1px solid #3332;
  max-width: 1006px;
}

<hr
  className="c0"
>
  Content
</hr>
`;
